
> marketplace@0.1.0 build
> next build

node.exe : ΓÜá Warning: Next.js inferred your 
workspace root, but it may not be correct.
At line:1 char:1
+ & "C:\Program Files\nodejs/node.exe" "C:\Program 
Files\nodejs/node_mo ...
+ ~~~~~~~~~~~~~~~~~~~~~~~~~~~~~~~~~~~~~~~~~~~~~~~~~~~~
~~~~~~~~~~~~~~~~~
    + CategoryInfo          : NotSpecified: (ΓÜá Warn 
   ing: Ne...not be correct.:String) [], RemoteExcep  
  tion
    + FullyQualifiedErrorId : NativeCommandError
 
 We detected multiple lockfiles and selected the 
directory of C:\Users\garod\package-lock.json as the 
root directory.
 To silence this warning, set `turbopack.root` in 
your Next.js config, or consider removing one of the 
lockfiles if it's not needed.
   See https://nextjs.org/docs/app/api-reference/confi
g/next-config-js/turbopack#root-directory for more 
information.
 Detected additional lockfiles: 
   * C:\Users\garod\OneDrive\UTKARSH\E-commerce\market
place\package-lock.json

Γû▓ Next.js 16.1.6 (Turbopack)
- Environments: .env

ΓÜá The "middleware" file convention is deprecated. 
Please use "proxy" instead. Learn more: 
https://nextjs.org/docs/messages/middleware-to-proxy
  Creating an optimized production build ...
Γ£ô Compiled successfully in 3.9s
  Running TypeScript ...
Failed to compile.

./app/login/page.tsx:14:23
Type error: Type '(formData: FormData) => 
Promise<"Invalid credentials." | "Something went 
wrong." | undefined>' is not assignable to type 
'string | ((formData: FormData) => void | 
Promise<void>) | undefined'.
  Type '(formData: FormData) => Promise<"Invalid 
credentials." | "Something went wrong." | undefined>' 
is not assignable to type '(formData: FormData) => 
void | Promise<void>'.
    Type 'Promise<"Invalid credentials." | "Something 
went wrong." | undefined>' is not assignable to type 
'void | Promise<void>'.
      Type 'Promise<"Invalid credentials." | 
"Something went wrong." | undefined>' is not 
assignable to type 'Promise<void>'.
        Type 'string | undefined' is not assignable 
to type 'void'.
          Type 'string' is not assignable to type 
'void'.

[0m [90m 12 |[39m             
[33m<[39m[33mdiv[39m style[33m=[39m{{ 
width[33m:[39m [32m'100%'[39m[33m,[39m 
maxWidth[33m:[39m [32m'400px'[39m[33m,[39m 
padding[33m:[39m [32m'2rem'[39m[33m,[39m 
border[33m:[39m [32m'1px solid 
var(--border)'[39m[33m,[39m 
borderRadius[33m:[39m [32m'var(--radius)'[39m 
}}[33m>[39m
 [90m 13 |[39m                 
[33m<[39m[33mh1[39m style[33m=[39m{{ 
fontSize[33m:[39m [32m'1.5rem'[39m[33m,[39m 
fontWeight[33m:[39m [35m700[39m[33m,[39m 
marginBottom[33m:[39m [32m'1.5rem'[39m[33m,[39m 
textAlign[33m:[39m [32m'center'[39m 
}}[33m>[39m[33mSign[39m [33mIn[39m[33m<[39m[3
3m/[39m[33mh1[39m[33m>[39m
[31m[1m>[22m[39m[90m 14 |[39m                 
[33m<[39m[33mform[39m 
action[33m=[39m{authenticate} style[33m=[39m{{ 
display[33m:[39m [32m'flex'[39m[33m,[39m 
flexDirection[33m:[39m 
[32m'column'[39m[33m,[39m gap[33m:[39m 
[32m'1rem'[39m }}[33m>[39m
 [90m    |[39m                       
[31m[1m^[22m[39m
 [90m 15 |[39m                     
[33m<[39m[33mdiv[39m style[33m=[39m{{ 
display[33m:[39m [32m'flex'[39m[33m,[39m 
flexDirection[33m:[39m 
[32m'column'[39m[33m,[39m gap[33m:[39m 
[32m'0.5rem'[39m }}[33m>[39m
 [90m 16 |[39m                         [33m<[39m[
33mlabel[39m[33m>[39m[33mEmail[39m[33m<[39m[33
m/[39m[33mlabel[39m[33m>[39m
 [90m 17 |[39m                         
[33m<[39m[33minput[39m 
name[33m=[39m[32m"email"[39m 
type[33m=[39m[32m"email"[39m required 
style[33m=[39m{{ padding[33m:[39m 
[32m'0.75rem'[39m[33m,[39m 
borderRadius[33m:[39m 
[32m'var(--radius)'[39m[33m,[39m 
border[33m:[39m [32m'1px solid var(--border)'[39m 
}} [33m/[39m[33m>[39m[0m
Next.js build worker exited with code: 1 and signal: 
null
